// Jest Snapshot v1, https://goo.gl/fbAQLP

exports[`index export modules 1`] = `
Object {
  "AnimatedSprite": "AnimatedSprite",
  "AppConsumer": Object {
    "$$typeof": Symbol(react.context),
    "_calculateChangedBits": null,
    "_context": Object {
      "$$typeof": Symbol(react.context),
      "Consumer": [Circular],
      "Provider": Object {
        "$$typeof": Symbol(react.provider),
        "_context": [Circular],
      },
      "_calculateChangedBits": null,
      "_currentRenderer": null,
      "_currentRenderer2": null,
      "_currentValue": null,
      "_currentValue2": null,
      "_threadCount": 0,
    },
  },
  "AppContext": Object {
    "$$typeof": Symbol(react.context),
    "Consumer": Object {
      "$$typeof": Symbol(react.context),
      "_calculateChangedBits": null,
      "_context": [Circular],
    },
    "Provider": Object {
      "$$typeof": Symbol(react.provider),
      "_context": [Circular],
    },
    "_calculateChangedBits": null,
    "_currentRenderer": null,
    "_currentRenderer2": null,
    "_currentValue": null,
    "_currentValue2": null,
    "_threadCount": 0,
  },
  "AppProvider": Object {
    "$$typeof": Symbol(react.provider),
    "_context": Object {
      "$$typeof": Symbol(react.context),
      "Consumer": Object {
        "$$typeof": Symbol(react.context),
        "_calculateChangedBits": null,
        "_context": [Circular],
      },
      "Provider": [Circular],
      "_calculateChangedBits": null,
      "_currentRenderer": null,
      "_currentRenderer2": null,
      "_currentValue": null,
      "_currentValue2": null,
      "_threadCount": 0,
    },
  },
  "BitmapText": "BitmapText",
  "Container": "Container",
  "Graphics": "Graphics",
  "NineSlicePlane": "NineSlicePlane",
  "ParticleContainer": "ParticleContainer",
  "PixiComponent": [Function],
  "PixiFiber": [Function],
  "SimpleMesh": "SimpleMesh",
  "SimpleRope": "SimpleRope",
  "Sprite": "Sprite",
  "Stage": [Function],
  "Text": "Text",
  "TilingSprite": "TilingSprite",
  "render": [Function],
  "useApp": [Function],
  "useTick": [Function],
  "withFilters": [Function],
  "withPixiApp": [Function],
}
`;
